{smcl}
{com}{sf}{ul off}{txt}{.-}
      name:  {res}<unnamed>
       {txt}log:  {res}C:\Users\miyak\theses_codes\2sri_boot_1216.smcl
  {txt}log type:  {res}smcl
 {txt}opened on:  {res}16 Dec 2021, 20:31:09

{com}. do "C:\Users\miyak\AppData\Local\Temp\STD2334_000000.tmp"
{txt}
{com}. preserve
{txt}
{com}. drop if sample_teian == 0
{txt}(4,688 observations deleted)

{com}. bootstrap r(b_lnsalary_am_kokuji) r(b_Xuhat) r(b_ln_income_per) r(b_n_seats_adopt) r(b_population_elderly75_ratio) r(b_population_child15_ratio) r(b_ln_all_menseki) r(b_canlive_ratio_menseki) r(b_sigaika_ratio_area) r(b_ln_zaiseiryoku) r(b_expired_dummy) r(b_touitsu_2011) r(b_ln_staff_all) r(b_ln_salary_staff_all) r(ame_lnsalary_am_kokuji) r(ame_Xuhat) r(ame_ln_income_per) r(ame_n_seats_adopt) r(ame_population_elderly75_ratio) r(ame_population_child15_ratio) r(ame_ln_all_menseki) r(ame_canlive_ratio_menseki) r(ame_sigaika_ratio_area) r(ame_ln_zaiseiryoku) r(ame_expired_dummy) r(ame_touitsu_2011) r(ame_ln_staff_all) r(ame_ln_salary_staff_all) , reps(1000) seed (10100) cluster(pres_pm_codes) idcluster(new_id_ppm): jyoreinot2sri
{txt}(running {bf:jyoreinot2sri} on estimation sample)

Bootstrap replications ({res}1000{txt})
{hline 4}{c +}{hline 3} 1 {hline 3}{c +}{hline 3} 2 {hline 3}{c +}{hline 3} 3 {hline 3}{c +}{hline 3} 4 {hline 3}{c +}{hline 3} 5 
..........{err}x{txt}......{err}{hline 2}Break{hline 2}
{txt}{search r(1), local:r(1);}

end of do-file

{err}{hline 2}Break{hline 2}
{txt}{search r(1), local:r(1);}

{com}. do "C:\Users\miyak\AppData\Local\Temp\STD2334_000000.tmp"
{txt}
{com}. drop Xuhat
{err}variable {bf}Xuhat{sf} not found
{txt}{search r(111), local:r(111);}

end of do-file

{search r(111), local:r(111);}

{com}. do "C:\Users\miyak\AppData\Local\Temp\STD2334_000000.tmp"
{txt}
{com}. reg lnsalary_am_kokuji ln_mean_prefbigtype_1yago ln_income_per ln_population n_seats_adopt population_elderly75_ratio population_child15_ratio ln_all_menseki canlive_ratio_menseki sigaika_ratio_area ln_zaiseiryoku expired_dummy touitsu_2007 touitsu_2011 touitsu_2015 touitsu_2019 ln_staff_all ln_salary_staff_all i.nendo i.pref_id i.muni_type age_mean_wins ratio_women_wins_adopt win_ratio_musyozoku if teian_jyorei_4y != ., vce(cluster pres_pm_codes)
{p 0 6 2}{txt}note: touitsu_2007 omitted because of collinearity{p_end}
{p 0 6 2}note: touitsu_2015 omitted because of collinearity{p_end}
{p 0 6 2}note: touitsu_2019 omitted because of collinearity{p_end}

Linear regression                               Number of obs     = {res}     1,263
                                                {txt}F(71, 979)        =  {res}   260.41
                                                {txt}Prob > F          = {res}    0.0000
                                                {txt}R-squared         = {res}    0.9411
                                                {txt}Root MSE          =    {res}  .0979

{txt}{ralign 92:(Std. Err. adjusted for {res:980} clusters in pres_pm_codes)}
{hline 27}{c TT}{hline 11}{hline 11}{hline 9}{hline 8}{hline 13}{hline 12}
{col 28}{c |}{col 40}    Robust
{col 1}        lnsalary_am_kokuji{col 28}{c |}      Coef.{col 40}   Std. Err.{col 52}      t{col 60}   P>|t|{col 68}     [95% Con{col 81}f. Interval]
{hline 27}{c +}{hline 11}{hline 11}{hline 9}{hline 8}{hline 13}{hline 12}
{space 1}ln_mean_prefbigtype_1yago {c |}{col 28}{res}{space 2} .5640578{col 40}{space 2} .0702104{col 51}{space 1}    8.03{col 60}{space 3}0.000{col 68}{space 4} .4262776{col 81}{space 3} .7018381
{txt}{space 13}ln_income_per {c |}{col 28}{res}{space 2} .1431019{col 40}{space 2} .0476641{col 51}{space 1}    3.00{col 60}{space 3}0.003{col 68}{space 4} .0495662{col 81}{space 3} .2366375
{txt}{space 13}ln_population {c |}{col 28}{res}{space 2} .1066359{col 40}{space 2} .0161096{col 51}{space 1}    6.62{col 60}{space 3}0.000{col 68}{space 4} .0750225{col 81}{space 3} .1382492
{txt}{space 13}n_seats_adopt {c |}{col 28}{res}{space 2} .0061066{col 40}{space 2}  .001162{col 51}{space 1}    5.26{col 60}{space 3}0.000{col 68}{space 4} .0038263{col 81}{space 3} .0083869
{txt}population_elderly75_ratio {c |}{col 28}{res}{space 2}-.1342339{col 40}{space 2} .2376558{col 51}{space 1}   -0.56{col 60}{space 3}0.572{col 68}{space 4}-.6006072{col 81}{space 3} .3321395
{txt}{space 2}population_child15_ratio {c |}{col 28}{res}{space 2}-1.342388{col 40}{space 2} .3535618{col 51}{space 1}   -3.80{col 60}{space 3}0.000{col 68}{space 4}-2.036214{col 81}{space 3}-.6485616
{txt}{space 12}ln_all_menseki {c |}{col 28}{res}{space 2}-.0271124{col 40}{space 2} .0081657{col 51}{space 1}   -3.32{col 60}{space 3}0.001{col 68}{space 4}-.0431367{col 81}{space 3} -.011088
{txt}{space 5}canlive_ratio_menseki {c |}{col 28}{res}{space 2}-.0480877{col 40}{space 2} .0242089{col 51}{space 1}   -1.99{col 60}{space 3}0.047{col 68}{space 4}-.0955951{col 81}{space 3}-.0005803
{txt}{space 8}sigaika_ratio_area {c |}{col 28}{res}{space 2}  .017831{col 40}{space 2} .0282467{col 51}{space 1}    0.63{col 60}{space 3}0.528{col 68}{space 4}   -.0376{col 81}{space 3}  .073262
{txt}{space 12}ln_zaiseiryoku {c |}{col 28}{res}{space 2} .0605767{col 40}{space 2} .0152466{col 51}{space 1}    3.97{col 60}{space 3}0.000{col 68}{space 4} .0306568{col 81}{space 3} .0904966
{txt}{space 13}expired_dummy {c |}{col 28}{res}{space 2}-.0168726{col 40}{space 2} .0290602{col 51}{space 1}   -0.58{col 60}{space 3}0.562{col 68}{space 4}   -.0739{col 81}{space 3} .0401549
{txt}{space 14}touitsu_2007 {c |}{col 28}{res}{space 2}        0{col 40}{txt}  (omitted)
{space 14}touitsu_2011 {c |}{col 28}{res}{space 2} .0081516{col 40}{space 2} .0122151{col 51}{space 1}    0.67{col 60}{space 3}0.505{col 68}{space 4}-.0158193{col 81}{space 3} .0321224
{txt}{space 14}touitsu_2015 {c |}{col 28}{res}{space 2}        0{col 40}{txt}  (omitted)
{space 14}touitsu_2019 {c |}{col 28}{res}{space 2}        0{col 40}{txt}  (omitted)
{space 14}ln_staff_all {c |}{col 28}{res}{space 2} .0292729{col 40}{space 2} .0133707{col 51}{space 1}    2.19{col 60}{space 3}0.029{col 68}{space 4} .0030344{col 81}{space 3} .0555114
{txt}{space 7}ln_salary_staff_all {c |}{col 28}{res}{space 2} .1950213{col 40}{space 2} .0814894{col 51}{space 1}    2.39{col 60}{space 3}0.017{col 68}{space 4} .0351073{col 81}{space 3} .3549353
{txt}{space 26} {c |}
{space 21}nendo {c |}
{space 21}2010  {c |}{col 28}{res}{space 2} .0061578{col 40}{space 2} .0131436{col 51}{space 1}    0.47{col 60}{space 3}0.640{col 68}{space 4} -.019635{col 81}{space 3} .0319506
{txt}{space 21}2011  {c |}{col 28}{res}{space 2} .0413917{col 40}{space 2} .0110644{col 51}{space 1}    3.74{col 60}{space 3}0.000{col 68}{space 4} .0196791{col 81}{space 3} .0631043
{txt}{space 21}2012  {c |}{col 28}{res}{space 2} .0473187{col 40}{space 2} .0111172{col 51}{space 1}    4.26{col 60}{space 3}0.000{col 68}{space 4} .0255024{col 81}{space 3}  .069135
{txt}{space 21}2013  {c |}{col 28}{res}{space 2} .0180803{col 40}{space 2} .0050574{col 51}{space 1}    3.58{col 60}{space 3}0.000{col 68}{space 4} .0081557{col 81}{space 3} .0280049
{txt}{space 21}2014  {c |}{col 28}{res}{space 2}-.0508571{col 40}{space 2} .0287022{col 51}{space 1}   -1.77{col 60}{space 3}0.077{col 68}{space 4}-.1071821{col 81}{space 3} .0054679
{txt}{space 26} {c |}
{space 19}pref_id {c |}
{space 24}2  {c |}{col 28}{res}{space 2} -.001671{col 40}{space 2} .0312604{col 51}{space 1}   -0.05{col 60}{space 3}0.957{col 68}{space 4}-.0630161{col 81}{space 3} .0596741
{txt}{space 24}3  {c |}{col 28}{res}{space 2} -.003586{col 40}{space 2} .0269024{col 51}{space 1}   -0.13{col 60}{space 3}0.894{col 68}{space 4}-.0563791{col 81}{space 3} .0492071
{txt}{space 24}4  {c |}{col 28}{res}{space 2}-.0478698{col 40}{space 2} .0317566{col 51}{space 1}   -1.51{col 60}{space 3}0.132{col 68}{space 4}-.1101886{col 81}{space 3}  .014449
{txt}{space 24}5  {c |}{col 28}{res}{space 2} .0466048{col 40}{space 2} .0394986{col 51}{space 1}    1.18{col 60}{space 3}0.238{col 68}{space 4}-.0309069{col 81}{space 3} .1241164
{txt}{space 24}6  {c |}{col 28}{res}{space 2} .0647114{col 40}{space 2} .0291449{col 51}{space 1}    2.22{col 60}{space 3}0.027{col 68}{space 4} .0075177{col 81}{space 3} .1219052
{txt}{space 24}7  {c |}{col 28}{res}{space 2}-.0033966{col 40}{space 2} .0254203{col 51}{space 1}   -0.13{col 60}{space 3}0.894{col 68}{space 4}-.0532811{col 81}{space 3} .0464878
{txt}{space 24}8  {c |}{col 28}{res}{space 2} -.106908{col 40}{space 2} .0367102{col 51}{space 1}   -2.91{col 60}{space 3}0.004{col 68}{space 4}-.1789478{col 81}{space 3}-.0348682
{txt}{space 24}9  {c |}{col 28}{res}{space 2}-.0539011{col 40}{space 2} .0327869{col 51}{space 1}   -1.64{col 60}{space 3}0.101{col 68}{space 4}-.1182418{col 81}{space 3} .0104396
{txt}{space 23}10  {c |}{col 28}{res}{space 2}-.0800835{col 40}{space 2} .0429236{col 51}{space 1}   -1.87{col 60}{space 3}0.062{col 68}{space 4}-.1643164{col 81}{space 3} .0041494
{txt}{space 23}11  {c |}{col 28}{res}{space 2}-.1855523{col 40}{space 2} .0251544{col 51}{space 1}   -7.38{col 60}{space 3}0.000{col 68}{space 4}-.2349152{col 81}{space 3}-.1361895
{txt}{space 23}12  {c |}{col 28}{res}{space 2}-.1072606{col 40}{space 2} .0272367{col 51}{space 1}   -3.94{col 60}{space 3}0.000{col 68}{space 4}-.1607096{col 81}{space 3}-.0538115
{txt}{space 23}13  {c |}{col 28}{res}{space 2} -.119953{col 40}{space 2} .0466229{col 51}{space 1}   -2.57{col 60}{space 3}0.010{col 68}{space 4}-.2114453{col 81}{space 3}-.0284608
{txt}{space 23}14  {c |}{col 28}{res}{space 2}-.1734937{col 40}{space 2} .0420431{col 51}{space 1}   -4.13{col 60}{space 3}0.000{col 68}{space 4}-.2559987{col 81}{space 3}-.0909887
{txt}{space 23}15  {c |}{col 28}{res}{space 2}-.0750525{col 40}{space 2} .0308521{col 51}{space 1}   -2.43{col 60}{space 3}0.015{col 68}{space 4}-.1355963{col 81}{space 3}-.0145088
{txt}{space 23}16  {c |}{col 28}{res}{space 2} .0466161{col 40}{space 2} .0286896{col 51}{space 1}    1.62{col 60}{space 3}0.105{col 68}{space 4}-.0096842{col 81}{space 3} .1029163
{txt}{space 23}17  {c |}{col 28}{res}{space 2} .0654154{col 40}{space 2} .0323718{col 51}{space 1}    2.02{col 60}{space 3}0.044{col 68}{space 4} .0018892{col 81}{space 3} .1289416
{txt}{space 23}18  {c |}{col 28}{res}{space 2} .0429814{col 40}{space 2} .0299582{col 51}{space 1}    1.43{col 60}{space 3}0.152{col 68}{space 4}-.0158082{col 81}{space 3}  .101771
{txt}{space 23}19  {c |}{col 28}{res}{space 2}-.0263156{col 40}{space 2} .0453783{col 51}{space 1}   -0.58{col 60}{space 3}0.562{col 68}{space 4}-.1153655{col 81}{space 3} .0627344
{txt}{space 23}20  {c |}{col 28}{res}{space 2}-.0486971{col 40}{space 2} .0263733{col 51}{space 1}   -1.85{col 60}{space 3}0.065{col 68}{space 4}-.1004517{col 81}{space 3} .0030576
{txt}{space 23}21  {c |}{col 28}{res}{space 2}-.0350389{col 40}{space 2}  .030695{col 51}{space 1}   -1.14{col 60}{space 3}0.254{col 68}{space 4}-.0952745{col 81}{space 3} .0251967
{txt}{space 23}22  {c |}{col 28}{res}{space 2}-.1093016{col 40}{space 2} .0292286{col 51}{space 1}   -3.74{col 60}{space 3}0.000{col 68}{space 4}-.1666595{col 81}{space 3}-.0519436
{txt}{space 23}23  {c |}{col 28}{res}{space 2}-.0866026{col 40}{space 2}  .031492{col 51}{space 1}   -2.75{col 60}{space 3}0.006{col 68}{space 4}-.1484022{col 81}{space 3} -.024803
{txt}{space 23}24  {c |}{col 28}{res}{space 2}-.0194702{col 40}{space 2} .0278847{col 51}{space 1}   -0.70{col 60}{space 3}0.485{col 68}{space 4}-.0741909{col 81}{space 3} .0352505
{txt}{space 23}25  {c |}{col 28}{res}{space 2}-.1238886{col 40}{space 2} .0263623{col 51}{space 1}   -4.70{col 60}{space 3}0.000{col 68}{space 4}-.1756217{col 81}{space 3}-.0721555
{txt}{space 23}26  {c |}{col 28}{res}{space 2} -.092021{col 40}{space 2} .0344795{col 51}{space 1}   -2.67{col 60}{space 3}0.008{col 68}{space 4}-.1596833{col 81}{space 3}-.0243587
{txt}{space 23}27  {c |}{col 28}{res}{space 2}-.0265887{col 40}{space 2} .0446217{col 51}{space 1}   -0.60{col 60}{space 3}0.551{col 68}{space 4}-.1141539{col 81}{space 3} .0609765
{txt}{space 23}28  {c |}{col 28}{res}{space 2}-.0744776{col 40}{space 2} .0330618{col 51}{space 1}   -2.25{col 60}{space 3}0.025{col 68}{space 4}-.1393578{col 81}{space 3}-.0095974
{txt}{space 23}29  {c |}{col 28}{res}{space 2}-.0100768{col 40}{space 2}  .048939{col 51}{space 1}   -0.21{col 60}{space 3}0.837{col 68}{space 4}-.1061143{col 81}{space 3} .0859607
{txt}{space 23}30  {c |}{col 28}{res}{space 2}-.0228036{col 40}{space 2} .0368809{col 51}{space 1}   -0.62{col 60}{space 3}0.537{col 68}{space 4}-.0951783{col 81}{space 3} .0495711
{txt}{space 23}31  {c |}{col 28}{res}{space 2} .0332588{col 40}{space 2} .0260704{col 51}{space 1}    1.28{col 60}{space 3}0.202{col 68}{space 4}-.0179016{col 81}{space 3} .0844191
{txt}{space 23}32  {c |}{col 28}{res}{space 2} .0621006{col 40}{space 2} .0288859{col 51}{space 1}    2.15{col 60}{space 3}0.032{col 68}{space 4} .0054152{col 81}{space 3}  .118786
{txt}{space 23}33  {c |}{col 28}{res}{space 2} .0019804{col 40}{space 2} .0325987{col 51}{space 1}    0.06{col 60}{space 3}0.952{col 68}{space 4} -.061991{col 81}{space 3} .0659519
{txt}{space 23}34  {c |}{col 28}{res}{space 2}-.1050716{col 40}{space 2} .0382214{col 51}{space 1}   -2.75{col 60}{space 3}0.006{col 68}{space 4} -.180077{col 81}{space 3}-.0300662
{txt}{space 23}35  {c |}{col 28}{res}{space 2} -.078577{col 40}{space 2} .0367331{col 51}{space 1}   -2.14{col 60}{space 3}0.033{col 68}{space 4}-.1506617{col 81}{space 3}-.0064922
{txt}{space 23}36  {c |}{col 28}{res}{space 2}-.0156776{col 40}{space 2}  .028384{col 51}{space 1}   -0.55{col 60}{space 3}0.581{col 68}{space 4} -.071378{col 81}{space 3} .0400229
{txt}{space 23}37  {c |}{col 28}{res}{space 2} .0111432{col 40}{space 2} .0328633{col 51}{space 1}    0.34{col 60}{space 3}0.735{col 68}{space 4}-.0533475{col 81}{space 3} .0756339
{txt}{space 23}38  {c |}{col 28}{res}{space 2}-.0605043{col 40}{space 2} .0336187{col 51}{space 1}   -1.80{col 60}{space 3}0.072{col 68}{space 4}-.1264773{col 81}{space 3} .0054688
{txt}{space 23}39  {c |}{col 28}{res}{space 2} .0152954{col 40}{space 2} .0274331{col 51}{space 1}    0.56{col 60}{space 3}0.577{col 68}{space 4}-.0385392{col 81}{space 3} .0691299
{txt}{space 23}40  {c |}{col 28}{res}{space 2}-.0095658{col 40}{space 2}    .0325{col 51}{space 1}   -0.29{col 60}{space 3}0.769{col 68}{space 4}-.0733435{col 81}{space 3} .0542118
{txt}{space 23}41  {c |}{col 28}{res}{space 2}  .059038{col 40}{space 2} .0423611{col 51}{space 1}    1.39{col 60}{space 3}0.164{col 68}{space 4}-.0240909{col 81}{space 3} .1421669
{txt}{space 23}42  {c |}{col 28}{res}{space 2} .0026924{col 40}{space 2}  .027883{col 51}{space 1}    0.10{col 60}{space 3}0.923{col 68}{space 4}-.0520249{col 81}{space 3} .0574098
{txt}{space 23}43  {c |}{col 28}{res}{space 2} .0571816{col 40}{space 2} .0278551{col 51}{space 1}    2.05{col 60}{space 3}0.040{col 68}{space 4}  .002519{col 81}{space 3} .1118442
{txt}{space 23}44  {c |}{col 28}{res}{space 2} .0488849{col 40}{space 2} .0325345{col 51}{space 1}    1.50{col 60}{space 3}0.133{col 68}{space 4}-.0149605{col 81}{space 3} .1127304
{txt}{space 23}45  {c |}{col 28}{res}{space 2} .0348112{col 40}{space 2} .0266733{col 51}{space 1}    1.31{col 60}{space 3}0.192{col 68}{space 4}-.0175323{col 81}{space 3} .0871547
{txt}{space 23}46  {c |}{col 28}{res}{space 2} .0609179{col 40}{space 2} .0268109{col 51}{space 1}    2.27{col 60}{space 3}0.023{col 68}{space 4} .0083045{col 81}{space 3} .1135312
{txt}{space 23}47  {c |}{col 28}{res}{space 2} .0780368{col 40}{space 2} .0348923{col 51}{space 1}    2.24{col 60}{space 3}0.026{col 68}{space 4} .0095645{col 81}{space 3} .1465091
{txt}{space 26} {c |}
{space 17}muni_type {c |}
{space 23}市  {c |}{col 28}{res}{space 2}  .181964{col 40}{space 2} .0396835{col 51}{space 1}    4.59{col 60}{space 3}0.000{col 68}{space 4} .1040896{col 81}{space 3} .2598385
{txt}{space 23}村  {c |}{col 28}{res}{space 2} .3572644{col 40}{space 2} .0708125{col 51}{space 1}    5.05{col 60}{space 3}0.000{col 68}{space 4} .2183027{col 81}{space 3} .4962261
{txt}{space 23}町  {c |}{col 28}{res}{space 2} .2894703{col 40}{space 2} .0672635{col 51}{space 1}    4.30{col 60}{space 3}0.000{col 68}{space 4} .1574731{col 81}{space 3} .4214675
{txt}{space 26} {c |}
{space 13}age_mean_wins {c |}{col 28}{res}{space 2}-.0018068{col 40}{space 2} .0013428{col 51}{space 1}   -1.35{col 60}{space 3}0.179{col 68}{space 4}-.0044419{col 81}{space 3} .0008283
{txt}{space 4}ratio_women_wins_adopt {c |}{col 28}{res}{space 2}-.0501335{col 40}{space 2} .0488046{col 51}{space 1}   -1.03{col 60}{space 3}0.305{col 68}{space 4}-.1459072{col 81}{space 3} .0456402
{txt}{space 7}win_ratio_musyozoku {c |}{col 28}{res}{space 2}-.0898255{col 40}{space 2} .0311991{col 51}{space 1}   -2.88{col 60}{space 3}0.004{col 68}{space 4}-.1510502{col 81}{space 3}-.0286007
{txt}{space 21}_cons {c |}{col 28}{res}{space 2}-.1423113{col 40}{space 2} .9716136{col 51}{space 1}   -0.15{col 60}{space 3}0.884{col 68}{space 4}-2.048996{col 81}{space 3} 1.764374
{txt}{hline 27}{c BT}{hline 11}{hline 11}{hline 9}{hline 8}{hline 13}{hline 12}
{res}{txt}
{com}. 
. predict Xuhat, resid
{txt}(2,024 missing values generated)

{com}. 
. poisson teian_jyorei_4y lnsalary_am_kokuji Xuhat ln_income_per ln_population n_seats_adopt population_elderly75_ratio population_child15_ratio ln_all_menseki canlive_ratio_menseki sigaika_ratio_area ln_zaiseiryoku expired_dummy touitsu_2007 touitsu_2011 touitsu_2015 touitsu_2019 ln_staff_all ln_salary_staff_all i.nendo i.pref_id i.muni_type age_mean_wins ratio_women_wins_adopt win_ratio_musyozoku, vce(cluster pres_pm_codes)
{txt}note: touitsu_2007 omitted because of collinearity
note: touitsu_2015 omitted because of collinearity
note: touitsu_2019 omitted because of collinearity
{res}
{txt}Iteration 0:{space 3}log pseudolikelihood = {res:-1236.5775}  
Iteration 1:{space 3}log pseudolikelihood = {res:-958.10056}  
Iteration 2:{space 3}log pseudolikelihood = {res:-660.22597}  
Iteration 3:{space 3}log pseudolikelihood = {res:-637.23584}  
Iteration 4:{space 3}log pseudolikelihood = {res:-636.54559}  
Iteration 5:{space 3}log pseudolikelihood = {res:-636.54051}  
Iteration 6:{space 3}log pseudolikelihood = {res:-636.53939}  
Iteration 7:{space 3}log pseudolikelihood = {res:-636.53911}  
Iteration 8:{space 3}log pseudolikelihood = {res:-636.53905}  
Iteration 9:{space 3}log pseudolikelihood = {res:-636.53904}  
{res}
{txt}Poisson regression{col 49}Number of obs{col 67}= {res}     1,263
{txt}{col 49}Wald chi2({res}72{txt}){col 67}= {res}   5383.31
{txt}{col 49}Prob > chi2{col 67}= {res}    0.0000
{txt}Log pseudolikelihood = {res}-636.53904{txt}{col 49}Pseudo R2{col 67}= {res}    0.2100

{txt}{ralign 92:(Std. Err. adjusted for {res:980} clusters in pres_pm_codes)}
{hline 27}{c TT}{hline 11}{hline 11}{hline 9}{hline 8}{hline 13}{hline 12}
{col 28}{c |}{col 40}    Robust
{col 1}           teian_jyorei_4y{col 28}{c |}      Coef.{col 40}   Std. Err.{col 52}      z{col 60}   P>|z|{col 68}     [95% Con{col 81}f. Interval]
{hline 27}{c +}{hline 11}{hline 11}{hline 9}{hline 8}{hline 13}{hline 12}
{space 8}lnsalary_am_kokuji {c |}{col 28}{res}{space 2} 3.533383{col 40}{space 2} 2.416124{col 51}{space 1}    1.46{col 60}{space 3}0.144{col 68}{space 4}-1.202133{col 81}{space 3}   8.2689
{txt}{space 21}Xuhat {c |}{col 28}{res}{space 2}-3.456526{col 40}{space 2}  2.41712{col 51}{space 1}   -1.43{col 60}{space 3}0.153{col 68}{space 4}-8.193995{col 81}{space 3} 1.280943
{txt}{space 13}ln_income_per {c |}{col 28}{res}{space 2}-.0547117{col 40}{space 2} .9273121{col 51}{space 1}   -0.06{col 60}{space 3}0.953{col 68}{space 4} -1.87221{col 81}{space 3} 1.762787
{txt}{space 13}ln_population {c |}{col 28}{res}{space 2}  .036012{col 40}{space 2} .4053118{col 51}{space 1}    0.09{col 60}{space 3}0.929{col 68}{space 4}-.7583845{col 81}{space 3} .8304085
{txt}{space 13}n_seats_adopt {c |}{col 28}{res}{space 2}-.0065053{col 40}{space 2} .0241183{col 51}{space 1}   -0.27{col 60}{space 3}0.787{col 68}{space 4}-.0537764{col 81}{space 3} .0407657
{txt}population_elderly75_ratio {c |}{col 28}{res}{space 2} 14.03982{col 40}{space 2} 5.305166{col 51}{space 1}    2.65{col 60}{space 3}0.008{col 68}{space 4} 3.641883{col 81}{space 3} 24.43775
{txt}{space 2}population_child15_ratio {c |}{col 28}{res}{space 2} 23.45764{col 40}{space 2} 10.17301{col 51}{space 1}    2.31{col 60}{space 3}0.021{col 68}{space 4} 3.518901{col 81}{space 3} 43.39637
{txt}{space 12}ln_all_menseki {c |}{col 28}{res}{space 2} .0842436{col 40}{space 2} .2081531{col 51}{space 1}    0.40{col 60}{space 3}0.686{col 68}{space 4}-.3237289{col 81}{space 3} .4922161
{txt}{space 5}canlive_ratio_menseki {c |}{col 28}{res}{space 2}-1.005828{col 40}{space 2}  .663474{col 51}{space 1}   -1.52{col 60}{space 3}0.130{col 68}{space 4}-2.306213{col 81}{space 3} .2945574
{txt}{space 8}sigaika_ratio_area {c |}{col 28}{res}{space 2} .4394206{col 40}{space 2} .6189744{col 51}{space 1}    0.71{col 60}{space 3}0.478{col 68}{space 4}-.7737469{col 81}{space 3} 1.652588
{txt}{space 12}ln_zaiseiryoku {c |}{col 28}{res}{space 2}-.0574767{col 40}{space 2} .4411131{col 51}{space 1}   -0.13{col 60}{space 3}0.896{col 68}{space 4}-.9220426{col 81}{space 3} .8070891
{txt}{space 13}expired_dummy {c |}{col 28}{res}{space 2} .7308794{col 40}{space 2} .6576631{col 51}{space 1}    1.11{col 60}{space 3}0.266{col 68}{space 4}-.5581167{col 81}{space 3} 2.019875
{txt}{space 14}touitsu_2007 {c |}{col 28}{res}{space 2}        0{col 40}{txt}  (omitted)
{space 14}touitsu_2011 {c |}{col 28}{res}{space 2}-.4575654{col 40}{space 2}  .279307{col 51}{space 1}   -1.64{col 60}{space 3}0.101{col 68}{space 4}-1.004997{col 81}{space 3} .0898663
{txt}{space 14}touitsu_2015 {c |}{col 28}{res}{space 2}        0{col 40}{txt}  (omitted)
{space 14}touitsu_2019 {c |}{col 28}{res}{space 2}        0{col 40}{txt}  (omitted)
{space 14}ln_staff_all {c |}{col 28}{res}{space 2} .0378975{col 40}{space 2}  .316436{col 51}{space 1}    0.12{col 60}{space 3}0.905{col 68}{space 4}-.5823057{col 81}{space 3} .6581007
{txt}{space 7}ln_salary_staff_all {c |}{col 28}{res}{space 2} 2.897553{col 40}{space 2} 1.812408{col 51}{space 1}    1.60{col 60}{space 3}0.110{col 68}{space 4}-.6547016{col 81}{space 3} 6.449807
{txt}{space 26} {c |}
{space 21}nendo {c |}
{space 21}2010  {c |}{col 28}{res}{space 2}  .265828{col 40}{space 2} .3554791{col 51}{space 1}    0.75{col 60}{space 3}0.455{col 68}{space 4}-.4308982{col 81}{space 3} .9625542
{txt}{space 21}2011  {c |}{col 28}{res}{space 2}  .622222{col 40}{space 2} .3454304{col 51}{space 1}    1.80{col 60}{space 3}0.072{col 68}{space 4}-.0548093{col 81}{space 3} 1.299253
{txt}{space 21}2012  {c |}{col 28}{res}{space 2} .5433898{col 40}{space 2} .3049455{col 51}{space 1}    1.78{col 60}{space 3}0.075{col 68}{space 4}-.0542924{col 81}{space 3} 1.141072
{txt}{space 21}2013  {c |}{col 28}{res}{space 2} .4577809{col 40}{space 2} .2483346{col 51}{space 1}    1.84{col 60}{space 3}0.065{col 68}{space 4}-.0289458{col 81}{space 3} .9445077
{txt}{space 21}2014  {c |}{col 28}{res}{space 2}-13.89273{col 40}{space 2} .7992375{col 51}{space 1}  -17.38{col 60}{space 3}0.000{col 68}{space 4} -15.4592{col 81}{space 3}-12.32625
{txt}{space 26} {c |}
{space 19}pref_id {c |}
{space 24}2  {c |}{col 28}{res}{space 2}-.6960056{col 40}{space 2} 1.070808{col 51}{space 1}   -0.65{col 60}{space 3}0.516{col 68}{space 4} -2.79475{col 81}{space 3} 1.402739
{txt}{space 24}3  {c |}{col 28}{res}{space 2}-.3658953{col 40}{space 2} .6256066{col 51}{space 1}   -0.58{col 60}{space 3}0.559{col 68}{space 4}-1.592062{col 81}{space 3} .8602712
{txt}{space 24}4  {c |}{col 28}{res}{space 2}-.2131917{col 40}{space 2} .6062292{col 51}{space 1}   -0.35{col 60}{space 3}0.725{col 68}{space 4}-1.401379{col 81}{space 3} .9749958
{txt}{space 24}5  {c |}{col 28}{res}{space 2} .1070559{col 40}{space 2}  .623094{col 51}{space 1}    0.17{col 60}{space 3}0.864{col 68}{space 4}-1.114186{col 81}{space 3} 1.328298
{txt}{space 24}6  {c |}{col 28}{res}{space 2}-.9812398{col 40}{space 2} .9351506{col 51}{space 1}   -1.05{col 60}{space 3}0.294{col 68}{space 4}-2.814101{col 81}{space 3} .8516217
{txt}{space 24}7  {c |}{col 28}{res}{space 2}-.1143477{col 40}{space 2} .7211692{col 51}{space 1}   -0.16{col 60}{space 3}0.874{col 68}{space 4}-1.527813{col 81}{space 3} 1.299118
{txt}{space 24}8  {c |}{col 28}{res}{space 2}-.5228346{col 40}{space 2} .8554686{col 51}{space 1}   -0.61{col 60}{space 3}0.541{col 68}{space 4}-2.199522{col 81}{space 3} 1.153853
{txt}{space 24}9  {c |}{col 28}{res}{space 2}  .137834{col 40}{space 2} .6229473{col 51}{space 1}    0.22{col 60}{space 3}0.825{col 68}{space 4} -1.08312{col 81}{space 3} 1.358788
{txt}{space 23}10  {c |}{col 28}{res}{space 2} .0916394{col 40}{space 2} .6990426{col 51}{space 1}    0.13{col 60}{space 3}0.896{col 68}{space 4}-1.278459{col 81}{space 3} 1.461738
{txt}{space 23}11  {c |}{col 28}{res}{space 2} 1.422782{col 40}{space 2}  .727264{col 51}{space 1}    1.96{col 60}{space 3}0.050{col 68}{space 4}-.0026295{col 81}{space 3} 2.848193
{txt}{space 23}12  {c |}{col 28}{res}{space 2}  .510019{col 40}{space 2} .6228312{col 51}{space 1}    0.82{col 60}{space 3}0.413{col 68}{space 4}-.7107076{col 81}{space 3} 1.730746
{txt}{space 23}13  {c |}{col 28}{res}{space 2}-1.062701{col 40}{space 2} .7240096{col 51}{space 1}   -1.47{col 60}{space 3}0.142{col 68}{space 4}-2.481734{col 81}{space 3} .3563316
{txt}{space 23}14  {c |}{col 28}{res}{space 2} .6265334{col 40}{space 2} .6046378{col 51}{space 1}    1.04{col 60}{space 3}0.300{col 68}{space 4}-.5585349{col 81}{space 3} 1.811602
{txt}{space 23}15  {c |}{col 28}{res}{space 2} .3219813{col 40}{space 2} .8059866{col 51}{space 1}    0.40{col 60}{space 3}0.690{col 68}{space 4}-1.257724{col 81}{space 3} 1.901686
{txt}{space 23}16  {c |}{col 28}{res}{space 2}-.6959662{col 40}{space 2} .7814322{col 51}{space 1}   -0.89{col 60}{space 3}0.373{col 68}{space 4}-2.227545{col 81}{space 3} .8356128
{txt}{space 23}17  {c |}{col 28}{res}{space 2} 1.162465{col 40}{space 2} .9890671{col 51}{space 1}    1.18{col 60}{space 3}0.240{col 68}{space 4}-.7760707{col 81}{space 3} 3.101001
{txt}{space 23}18  {c |}{col 28}{res}{space 2}-1.311987{col 40}{space 2} 1.158823{col 51}{space 1}   -1.13{col 60}{space 3}0.258{col 68}{space 4}-3.583238{col 81}{space 3} .9592647
{txt}{space 23}19  {c |}{col 28}{res}{space 2}-14.36334{col 40}{space 2} .5758381{col 51}{space 1}  -24.94{col 60}{space 3}0.000{col 68}{space 4}-15.49197{col 81}{space 3}-13.23472
{txt}{space 23}20  {c |}{col 28}{res}{space 2} .4146873{col 40}{space 2} .6059627{col 51}{space 1}    0.68{col 60}{space 3}0.494{col 68}{space 4}-.7729779{col 81}{space 3} 1.602352
{txt}{space 23}21  {c |}{col 28}{res}{space 2} .0601696{col 40}{space 2} .7468157{col 51}{space 1}    0.08{col 60}{space 3}0.936{col 68}{space 4}-1.403562{col 81}{space 3} 1.523901
{txt}{space 23}22  {c |}{col 28}{res}{space 2}-.0486019{col 40}{space 2} .5916533{col 51}{space 1}   -0.08{col 60}{space 3}0.935{col 68}{space 4}-1.208221{col 81}{space 3} 1.111017
{txt}{space 23}23  {c |}{col 28}{res}{space 2} .0507523{col 40}{space 2} .6403137{col 51}{space 1}    0.08{col 60}{space 3}0.937{col 68}{space 4} -1.20424{col 81}{space 3} 1.305744
{txt}{space 23}24  {c |}{col 28}{res}{space 2} .1319631{col 40}{space 2}   .76102{col 51}{space 1}    0.17{col 60}{space 3}0.862{col 68}{space 4}-1.359609{col 81}{space 3} 1.623535
{txt}{space 23}25  {c |}{col 28}{res}{space 2} 1.232438{col 40}{space 2} .7184054{col 51}{space 1}    1.72{col 60}{space 3}0.086{col 68}{space 4}-.1756108{col 81}{space 3} 2.640487
{txt}{space 23}26  {c |}{col 28}{res}{space 2}-1.041682{col 40}{space 2} 1.071864{col 51}{space 1}   -0.97{col 60}{space 3}0.331{col 68}{space 4}-3.142497{col 81}{space 3} 1.059134
{txt}{space 23}27  {c |}{col 28}{res}{space 2}-.7373661{col 40}{space 2} .9518144{col 51}{space 1}   -0.77{col 60}{space 3}0.439{col 68}{space 4}-2.602888{col 81}{space 3} 1.128156
{txt}{space 23}28  {c |}{col 28}{res}{space 2}-.1729681{col 40}{space 2}  .559639{col 51}{space 1}   -0.31{col 60}{space 3}0.757{col 68}{space 4} -1.26984{col 81}{space 3} .9239042
{txt}{space 23}29  {c |}{col 28}{res}{space 2} .0395067{col 40}{space 2} .6730409{col 51}{space 1}    0.06{col 60}{space 3}0.953{col 68}{space 4}-1.279629{col 81}{space 3} 1.358643
{txt}{space 23}30  {c |}{col 28}{res}{space 2} -.145116{col 40}{space 2} .6435566{col 51}{space 1}   -0.23{col 60}{space 3}0.822{col 68}{space 4}-1.406464{col 81}{space 3} 1.116232
{txt}{space 23}31  {c |}{col 28}{res}{space 2} .5387764{col 40}{space 2}  .756032{col 51}{space 1}    0.71{col 60}{space 3}0.476{col 68}{space 4}-.9430191{col 81}{space 3} 2.020572
{txt}{space 23}32  {c |}{col 28}{res}{space 2} .2176005{col 40}{space 2} .5588913{col 51}{space 1}    0.39{col 60}{space 3}0.697{col 68}{space 4}-.8778064{col 81}{space 3} 1.313007
{txt}{space 23}33  {c |}{col 28}{res}{space 2}-.1162155{col 40}{space 2} .6082049{col 51}{space 1}   -0.19{col 60}{space 3}0.848{col 68}{space 4}-1.308275{col 81}{space 3} 1.075844
{txt}{space 23}34  {c |}{col 28}{res}{space 2}-.0588728{col 40}{space 2} .6262081{col 51}{space 1}   -0.09{col 60}{space 3}0.925{col 68}{space 4}-1.286218{col 81}{space 3} 1.168473
{txt}{space 23}35  {c |}{col 28}{res}{space 2} .4854392{col 40}{space 2} .5846066{col 51}{space 1}    0.83{col 60}{space 3}0.406{col 68}{space 4}-.6603687{col 81}{space 3} 1.631247
{txt}{space 23}36  {c |}{col 28}{res}{space 2} 1.266706{col 40}{space 2} .7766867{col 51}{space 1}    1.63{col 60}{space 3}0.103{col 68}{space 4}-.2555722{col 81}{space 3} 2.788984
{txt}{space 23}37  {c |}{col 28}{res}{space 2}-.1768878{col 40}{space 2} .8592841{col 51}{space 1}   -0.21{col 60}{space 3}0.837{col 68}{space 4}-1.861054{col 81}{space 3} 1.507278
{txt}{space 23}38  {c |}{col 28}{res}{space 2}-14.57306{col 40}{space 2} .5464017{col 51}{space 1}  -26.67{col 60}{space 3}0.000{col 68}{space 4}-15.64399{col 81}{space 3}-13.50214
{txt}{space 23}39  {c |}{col 28}{res}{space 2}-.9033527{col 40}{space 2} .9129863{col 51}{space 1}   -0.99{col 60}{space 3}0.322{col 68}{space 4}-2.692773{col 81}{space 3} .8860675
{txt}{space 23}40  {c |}{col 28}{res}{space 2}-.9650128{col 40}{space 2} .6547825{col 51}{space 1}   -1.47{col 60}{space 3}0.141{col 68}{space 4}-2.248363{col 81}{space 3} .3183374
{txt}{space 23}41  {c |}{col 28}{res}{space 2} .1924238{col 40}{space 2} .9409559{col 51}{space 1}    0.20{col 60}{space 3}0.838{col 68}{space 4}-1.651816{col 81}{space 3} 2.036663
{txt}{space 23}42  {c |}{col 28}{res}{space 2}-.7538846{col 40}{space 2} .7012259{col 51}{space 1}   -1.08{col 60}{space 3}0.282{col 68}{space 4}-2.128262{col 81}{space 3} .6204929
{txt}{space 23}43  {c |}{col 28}{res}{space 2}-.2266707{col 40}{space 2} .7102075{col 51}{space 1}   -0.32{col 60}{space 3}0.750{col 68}{space 4}-1.618652{col 81}{space 3}  1.16531
{txt}{space 23}44  {c |}{col 28}{res}{space 2}-.1756012{col 40}{space 2} .5839586{col 51}{space 1}   -0.30{col 60}{space 3}0.764{col 68}{space 4}-1.320139{col 81}{space 3} .9689366
{txt}{space 23}45  {c |}{col 28}{res}{space 2}-1.246115{col 40}{space 2} 1.082939{col 51}{space 1}   -1.15{col 60}{space 3}0.250{col 68}{space 4}-3.368637{col 81}{space 3} .8764072
{txt}{space 23}46  {c |}{col 28}{res}{space 2}-1.211076{col 40}{space 2}  .722522{col 51}{space 1}   -1.68{col 60}{space 3}0.094{col 68}{space 4}-2.627193{col 81}{space 3} .2050411
{txt}{space 23}47  {c |}{col 28}{res}{space 2}-.6643117{col 40}{space 2} .9052025{col 51}{space 1}   -0.73{col 60}{space 3}0.463{col 68}{space 4}-2.438476{col 81}{space 3} 1.109853
{txt}{space 26} {c |}
{space 17}muni_type {c |}
{space 23}市  {c |}{col 28}{res}{space 2} .2861908{col 40}{space 2} .8603465{col 51}{space 1}    0.33{col 60}{space 3}0.739{col 68}{space 4}-1.400057{col 81}{space 3} 1.972439
{txt}{space 23}村  {c |}{col 28}{res}{space 2} 2.178475{col 40}{space 2} 1.121588{col 51}{space 1}    1.94{col 60}{space 3}0.052{col 68}{space 4} -.019798{col 81}{space 3} 4.376748
{txt}{space 23}町  {c |}{col 28}{res}{space 2} 1.388525{col 40}{space 2} 1.047096{col 51}{space 1}    1.33{col 60}{space 3}0.185{col 68}{space 4}-.6637458{col 81}{space 3} 3.440795
{txt}{space 26} {c |}
{space 13}age_mean_wins {c |}{col 28}{res}{space 2}-.0327377{col 40}{space 2} .0426245{col 51}{space 1}   -0.77{col 60}{space 3}0.442{col 68}{space 4}-.1162802{col 81}{space 3} .0508049
{txt}{space 4}ratio_women_wins_adopt {c |}{col 28}{res}{space 2} .8822043{col 40}{space 2} 1.034016{col 51}{space 1}    0.85{col 60}{space 3}0.394{col 68}{space 4}-1.144429{col 81}{space 3} 2.908838
{txt}{space 7}win_ratio_musyozoku {c |}{col 28}{res}{space 2}  -.30496{col 40}{space 2} .7341267{col 51}{space 1}   -0.42{col 60}{space 3}0.678{col 68}{space 4}-1.743822{col 81}{space 3} 1.133902
{txt}{space 21}_cons {c |}{col 28}{res}{space 2}-58.72359{col 40}{space 2} 20.64461{col 51}{space 1}   -2.84{col 60}{space 3}0.004{col 68}{space 4}-99.18627{col 81}{space 3}-18.26091
{txt}{hline 27}{c BT}{hline 11}{hline 11}{hline 9}{hline 8}{hline 13}{hline 12}

{com}. 
{txt}end of do-file

{com}. do "C:\Users\miyak\AppData\Local\Temp\STD2334_000000.tmp"
{txt}
{com}. gen sample_teian_cont = 0
{txt}
{com}. replace sample_teian_cont = 1 if e(sample) == 1
{txt}(1,263 real changes made)

{com}. 
{txt}end of do-file

{com}. do "C:\Users\miyak\AppData\Local\Temp\STD2334_000000.tmp"
{txt}
{com}. program jyoreicont2sri, rclass
{txt}  1{com}. 
. capture drop Xuhat nhat me_*
{txt}  2{com}. 
. reg lnsalary_am_kokuji ln_mean_prefbigtype_1yago ln_income_per ln_population n_seats_adopt population_elderly75_ratio population_child15_ratio ln_all_menseki canlive_ratio_menseki sigaika_ratio_area ln_zaiseiryoku expired_dummy touitsu_2011 ln_staff_all ln_salary_staff_all i.nendo i.pref_id i.muni_type age_mean_wins ratio_women_wins_adopt win_ratio_musyozoku, vce(cluster pres_pm_codes)
{txt}  3{com}. 
. predict Xuhat, resid
{txt}  4{com}. 
. poisson teian_jyorei_4y lnsalary_am_kokuji Xuhat ln_income_per ln_population n_seats_adopt population_elderly75_ratio population_child15_ratio ln_all_menseki canlive_ratio_menseki sigaika_ratio_area ln_zaiseiryoku expired_dummy touitsu_2011 ln_staff_all ln_salary_staff_all i.nendo i.pref_id i.muni_type age_mean_wins ratio_women_wins_adopt win_ratio_musyozoku, vce(cluster pres_pm_codes)
{txt}  5{com}. 
. predict nhat, n
{txt}  6{com}. 
. foreach x of varlist lnsalary_am_kokuji Xuhat ln_income_per ln_population n_seats_adopt population_elderly75_ratio population_child15_ratio ln_all_menseki canlive_ratio_menseki sigaika_ratio_area ln_zaiseiryoku ln_staff_all ln_salary_staff_all age_mean_wins ratio_women_wins_adopt win_ratio_musyozoku {c -(}
{txt}  7{com}.         return scalar b_`x'= _b[`x']
{txt}  8{com}.         gen me_`x'=nhat*_b[`x']
{txt}  9{com}.         summarize me_`x'
{txt} 10{com}.         return scalar ame_`x'= r(mean)
{txt} 11{com}. {c )-}
{txt} 12{com}. 
. foreach y of varlist expired_dummy touitsu_2011 {c -(}
{txt} 13{com}.         return scalar b_`y'= _b[`y']
{txt} 14{com}.         margins, at(`y' = (0 1))
{txt} 15{com}.         scalar yhat0_`y' = r(b)[1,1]
{txt} 16{com}.         scalar yhat1_`y' = r(b)[1,2]
{txt} 17{com}.         return scalar ame_`y'= yhat1_`y' - yhat0_`y'
{txt} 18{com}. {c )-}
{txt} 19{com}. 
. end
{txt}
{com}. 
{txt}end of do-file

{com}. do "C:\Users\miyak\AppData\Local\Temp\STD2334_000000.tmp"
{txt}
{com}. preserve
{txt}
{com}. drop if sample_teian_cont == 0
{txt}(5,445 observations deleted)

{com}. bootstrap r(b_lnsalary_am_kokuji) r(b_Xuhat) r(b_ln_income_per) r(b_n_seats_adopt) r(b_population_elderly75_ratio) r(b_population_child15_ratio) r(b_ln_all_menseki) r(b_canlive_ratio_menseki) r(b_sigaika_ratio_area) r(b_ln_zaiseiryoku) r(b_expired_dummy) r(b_touitsu_2011) r(b_ln_staff_all) r(b_ln_salary_staff_all) r(b_age_mean_wins) r(b_ratio_women_wins_adopt) r(b_win_ratio_musyozoku) r(ame_lnsalary_am_kokuji) r(ame_Xuhat) r(ame_ln_income_per) r(ame_n_seats_adopt) r(ame_population_elderly75_ratio) r(ame_population_child15_ratio) r(ame_ln_all_menseki) r(ame_canlive_ratio_menseki) r(ame_sigaika_ratio_area) r(ame_ln_zaiseiryoku) r(ame_expired_dummy) r(ame_touitsu_2011) r(ame_ln_staff_all) r(ame_ln_salary_staff_all) r(ame_age_mean_wins) r(ame_ratio_women_wins_adopt) r(ame_win_ratio_musyozoku), reps(1000) seed (10101) cluster(pres_pm_codes) idcluster(new_id_ppm): jyoreicont2sri
{txt}(running {bf:jyoreicont2sri} on estimation sample)
{err}variable {bf}Xuhat{sf} already defined
an error occurred when {bf:bootstrap} executed {bf:jyoreicont2sri}
{txt}{search r(110), local:r(110);}

end of do-file

{search r(110), local:r(110);}

{com}. do "C:\Users\miyak\AppData\Local\Temp\STD2334_000000.tmp"
{txt}
{com}. drop Xuhat 
{txt}
{com}. 
{txt}end of do-file

{com}. do "C:\Users\miyak\AppData\Local\Temp\STD2334_000000.tmp"
{txt}
{com}. preserve
{txt}
{com}. drop if sample_teian_cont == 0
{txt}(5,445 observations deleted)

{com}. bootstrap r(b_lnsalary_am_kokuji) r(b_Xuhat) r(b_ln_income_per) r(b_n_seats_adopt) r(b_population_elderly75_ratio) r(b_population_child15_ratio) r(b_ln_all_menseki) r(b_canlive_ratio_menseki) r(b_sigaika_ratio_area) r(b_ln_zaiseiryoku) r(b_expired_dummy) r(b_touitsu_2011) r(b_ln_staff_all) r(b_ln_salary_staff_all) r(b_age_mean_wins) r(b_ratio_women_wins_adopt) r(b_win_ratio_musyozoku) r(ame_lnsalary_am_kokuji) r(ame_Xuhat) r(ame_ln_income_per) r(ame_n_seats_adopt) r(ame_population_elderly75_ratio) r(ame_population_child15_ratio) r(ame_ln_all_menseki) r(ame_canlive_ratio_menseki) r(ame_sigaika_ratio_area) r(ame_ln_zaiseiryoku) r(ame_expired_dummy) r(ame_touitsu_2011) r(ame_ln_staff_all) r(ame_ln_salary_staff_all) r(ame_age_mean_wins) r(ame_ratio_women_wins_adopt) r(ame_win_ratio_musyozoku), reps(1000) seed (10101) cluster(pres_pm_codes) idcluster(new_id_ppm): jyoreicont2sri
{txt}(running {bf:jyoreicont2sri} on estimation sample)

Bootstrap replications ({res}1000{txt})
{hline 4}{c +}{hline 3} 1 {hline 3}{c +}{hline 3} 2 {hline 3}{c +}{hline 3} 3 {hline 3}{c +}{hline 3} 4 {hline 3}{c +}{hline 3} 5 
......{err}x{txt}..{err}x{txt}........................{err}{hline 2}Break{hline 2}
{txt}{search r(1), local:r(1);}

end of do-file

{err}{hline 2}Break{hline 2}
{txt}{search r(1), local:r(1);}

{com}. log close
      {txt}name:  {res}<unnamed>
       {txt}log:  {res}C:\Users\miyak\theses_codes\2sri_boot_1216.smcl
  {txt}log type:  {res}smcl
 {txt}closed on:  {res}16 Dec 2021, 20:35:40
{txt}{.-}
{smcl}
{txt}{sf}{ul off}